// Jest Snapshot v1, https://goo.gl/fbAQLP

exports[`CustomMenu component Should have all the CustomMenu content 1`] = `
<div>
  <SelectField
    autoWidth={false}
    disabled={false}
    fullWidth={false}
    multiple={false}
    onChange={[Function]}
    style={
      Object {
        "width": 145,
      }
    }
    value="All Countries"
  >
    <MenuItem
      anchorOrigin={
        Object {
          "horizontal": "right",
          "vertical": "top",
        }
      }
      checked={false}
      desktop={false}
      disabled={false}
      focusState="none"
      insetChildren={false}
      primaryText="All Countries"
      targetOrigin={
        Object {
          "horizontal": "left",
          "vertical": "top",
        }
      }
      value="All Countries"
    />
    <MenuItem
      anchorOrigin={
        Object {
          "horizontal": "right",
          "vertical": "top",
        }
      }
      checked={false}
      desktop={false}
      disabled={false}
      focusState="none"
      insetChildren={false}
      primaryText="Kenya"
      targetOrigin={
        Object {
          "horizontal": "left",
          "vertical": "top",
        }
      }
      value="Nairobi, Kenya"
    />
    <MenuItem
      anchorOrigin={
        Object {
          "horizontal": "right",
          "vertical": "top",
        }
      }
      checked={false}
      desktop={false}
      disabled={false}
      focusState="none"
      insetChildren={false}
      primaryText="Nigeria"
      targetOrigin={
        Object {
          "horizontal": "left",
          "vertical": "top",
        }
      }
      value="Lagos, Nigeria"
    />
    <MenuItem
      anchorOrigin={
        Object {
          "horizontal": "right",
          "vertical": "top",
        }
      }
      checked={false}
      desktop={false}
      disabled={false}
      focusState="none"
      insetChildren={false}
      primaryText="Uganda"
      targetOrigin={
        Object {
          "horizontal": "left",
          "vertical": "top",
        }
      }
      value="Kampala, Uganda"
    />
    <MenuItem
      anchorOrigin={
        Object {
          "horizontal": "right",
          "vertical": "top",
        }
      }
      checked={false}
      desktop={false}
      disabled={false}
      focusState="none"
      insetChildren={false}
      primaryText="USA"
      targetOrigin={
        Object {
          "horizontal": "left",
          "vertical": "top",
        }
      }
      value="New York, USA"
    />
  </SelectField>
</div>
`;
